<div>
  <div
    class="dateInputContainer"
  >
    <label
      for="expiracion"
    >
      Fecha*
      <input
        data-testid="expiracion"
        id="expiracion"
        max="2025-01-01"
        min="1950-01-01"
        name="expiracion"
        required=""
        type="date"
        value=""
      />
    </label>
  </div>
</div>