<div>
  <div
    class="itemCard"
  >
    <img
      alt=""
      src="url/test1"
    />
    <div
      class="content"
    >
      <div
        class="top"
      >
        <h3>
          Test Item
        </h3>
        <button
          aria-label="eliminar item del carro"
          class=""
          type="button"
        >
          Eliminar item
        </button>
      </div>
      <div
        class="text"
      >
        <p>
          Este item es muy bueno
        </p>
        <p>
          12
           unidades
        </p>
      </div>
    </div>
  </div>
</div>